
> todo@0.0.1 test
> jest auth.service.spec.ts

node.exe : FAIL 
src/auth/auth.service.spec.ts
At C:\Program Files\nodejs\npm.ps1:29 
char:3
+   & $NODE_EXE $NPM_CLI_JS $args
+   ~~~~~~~~~~~~~~~~~~~~~~~~~~~~~
    + CategoryInfo          : NotSpeci 
   fied: (FAIL src/auth/auth.service.  
  spec.ts:String) [], RemoteExceptio   
 n
    + FullyQualifiedErrorId : NativeCo 
   mmandError
 
  AuthService
    ΓêÜ should be defined (9 ms)
    register
      ΓêÜ should register a new user 
and return auth response (3 ms)
      ├ù should throw 
ConflictException if email is already 
registered (18 ms)
    validateUser
      ΓêÜ should return user data when 
credentials are valid (2 ms)
      ΓêÜ should throw 
UnauthorizedException when user is not 
found (2 ms)
      ΓêÜ should throw 
UnauthorizedException when password is 
wrong (2 ms)
    login
      ΓêÜ should return auth response 
with JWT token (1 ms)

  ΓùÅ AuthService ΓÇ║ register ΓÇ║ 
should throw ConflictException if 
email is already registered

    expect(received).rejects.toThrow(ex
pected)

    Expected substring: "Email already 
registered"
    Received message:   "Cannot read 
properties of undefined (reading 'id')"

        [0m [90m 23 |[39m         
[36mconst[39m user [33m=[39m 
[36mawait[39m [36mthis[39m[33m.[3
9musersService[33m.[39mcreate(email[
33m,[39m passwordHash)[33m;[39m
         [90m 24 |[39m
        [31m[1m>[22m[39m[90m 25 
|[39m         [36mreturn[39m [36mth
is[39m[33m.[39mbuildAuthResponse(use
r[33m.[39mid[33m,[39m 
user[33m.[39memail)[33m;[39m
         [90m    |[39m               
                             
[31m[1m^[22m[39m
         [90m 26 |[39m     }
         [90m 27 |[39m
         [90m 28 |[39m     
[36masync[39m 
validateUser(email[33m:[39m 
string[33m,[39m password[33m:[39m 
string) {[0m

      at AuthService.register 
(auth/auth.service.ts:25:44)
      at Object.<anonymous> 
(auth/auth.service.spec.ts:87:7)
      at Object.toThrow (../node_module
s/expect/build/index.js:2155:20)
      at Object.<anonymous> 
(auth/auth.service.spec.ts:87:59)

Test Suites: 1 failed, 1 total
Tests:       1 failed, 6 passed, 7 
total
Snapshots:   0 total
Time:        1.167 s, estimated 3 s
Ran all test suites matching 
auth.service.spec.ts.
